수집 300초 시작 — 보드 버튼으로 라벨을 찍으세요
  K1=빈방  K2=왼쪽  K3=가운데  K4=오른쪽  K5=이동중  K6=라벨없음

    5.0s       0 프레임    0.0 Hz  |  
   10.0s       0 프레임    0.0 Hz  |  
   15.0s      26 프레임    1.7 Hz  |  라벨없음:26
   20.0s     101 프레임    5.0 Hz  |  라벨없음:101
   25.0s     176 프레임    7.0 Hz  |  라벨없음:176
   30.0s     246 프레임    8.2 Hz  |  라벨없음:246
   35.0s     325 프레임    9.3 Hz  |  라벨없음:325
   40.0s     392 프레임    9.8 Hz  |  라벨없음:392
   45.0s     548 프레임   12.2 Hz  |  라벨없음:548
   50.0s     646 프레임   12.9 Hz  |  라벨없음:646
   55.1s     740 프레임   13.4 Hz  |  라벨없음:740
   60.1s     813 프레임   13.5 Hz  |  라벨없음:813
   65.1s     898 프레임   13.8 Hz  |  라벨없음:898
   70.1s     932 프레임   13.3 Hz  |  라벨없음:932
   75.1s    1042 프레임   13.9 Hz  |  라벨없음:1042
   80.1s    1098 프레임   13.7 Hz  |  라벨없음:1098
   85.1s    1156 프레임   13.6 Hz  |  라벨없음:1156
   90.1s    1232 프레임   13.7 Hz  |  라벨없음:1232
   95.1s    1349 프레임   14.2 Hz  |  라벨없음:1349
  100.1s    1409 프레임   14.1 Hz  |  라벨없음:1409
  105.1s    1547 프레임   14.7 Hz  |  라벨없음:1547
  110.1s    1670 프레임   15.2 Hz  |  라벨없음:1670
  115.1s    1740 프레임   15.1 Hz  |  라벨없음:1740
  120.1s    1819 프레임   15.1 Hz  |  라벨없음:1819
  125.1s    1871 프레임   15.0 Hz  |  라벨없음:1871
  130.1s    1949 프레임   15.0 Hz  |  라벨없음:1949
  135.1s    2070 프레임   15.3 Hz  |  라벨없음:2070
  140.1s    2116 프레임   15.1 Hz  |  라벨없음:2116
  145.1s    2235 프레임   15.4 Hz  |  라벨없음:2235
  150.1s    2386 프레임   15.9 Hz  |  라벨없음:2386
  155.1s    2497 프레임   16.1 Hz  |  라벨없음:2497
  160.2s    2592 프레임   16.2 Hz  |  라벨없음:2592
  165.2s    2718 프레임   16.5 Hz  |  라벨없음:2718
  170.2s    2830 프레임   16.6 Hz  |  라벨없음:2830
  175.2s    2900 프레임   16.6 Hz  |  라벨없음:2900
  180.2s    2965 프레임   16.5 Hz  |  라벨없음:2965
  185.2s    3013 프레임   16.3 Hz  |  라벨없음:3013
  190.2s    3058 프레임   16.1 Hz  |  라벨없음:3058
  195.2s    3171 프레임   16.2 Hz  |  라벨없음:3171
  200.2s    3252 프레임   16.2 Hz  |  라벨없음:3252
  205.2s    3359 프레임   16.4 Hz  |  라벨없음:3359
  210.2s    3459 프레임   16.5 Hz  |  라벨없음:3459
  215.2s    3533 프레임   16.4 Hz  |  라벨없음:3533
  220.2s    3564 프레임   16.2 Hz  |  라벨없음:3564
  225.2s    3743 프레임   16.6 Hz  |  라벨없음:3743
  230.2s    3811 프레임   16.6 Hz  |  라벨없음:3811
  235.2s    3919 프레임   16.7 Hz  |  라벨없음:3919
  240.2s    4034 프레임   16.8 Hz  |  라벨없음:4034
  245.2s    4078 프레임   16.6 Hz  |  라벨없음:4078
  250.2s    4099 프레임   16.4 Hz  |  라벨없음:4099
  255.2s    4140 프레임   16.2 Hz  |  라벨없음:4140
  260.3s    4161 프레임   16.0 Hz  |  라벨없음:4161
  265.3s    4179 프레임   15.8 Hz  |  라벨없음:4179
  270.3s    4309 프레임   15.9 Hz  |  라벨없음:4309
  275.3s    4387 프레임   15.9 Hz  |  라벨없음:4387
  280.3s    4429 프레임   15.8 Hz  |  라벨없음:4429
  285.3s    4516 프레임   15.8 Hz  |  라벨없음:4516
  290.3s    4631 프레임   16.0 Hz  |  라벨없음:4631
  295.3s    4744 프레임   16.1 Hz  |  라벨없음:4744

저장 model/data/csi/csi_ap_auto.npz
  프레임 4790 (버림 9), 서브캐리어 64, 16.0 Hz, 재동기 869회
  진폭 평균 15.6  표준편차 12.1  RSSI -63 dBm
  seq 결손 약 9 프레임
  라벨 분포:
    라벨없음       4790 프레임 (100.0%)
  송신자 13개:
    32:cd:a7:ec:36:bf    4699 프레임 (98.1%)
    40:c7:3c:bd:a9:02      35 프레임 ( 0.7%)
    28:6c:07:89:65:23      18 프레임 ( 0.4%)
    ac:5a:fc:e8:a2:51      13 프레임 ( 0.3%)
    e4:c7:67:20:5e:4a       6 프레임 ( 0.1%)
    60:ff:9e:49:37:22       4 프레임 ( 0.1%)
    58:02:05:bd:f8:bf       3 프레임 ( 0.1%)
    ba:36:78:8a:57:40       3 프레임 ( 0.1%)
  보드: #SCAN ch1=63 ch6=88 ch11=98
  보드: #CSI_LOGGER v1 chan=11 keys_ok=111110
  보드: #LABELS K1=빈방 K2=왼쪽 K3=가운데 K4=오른쪽 K5=이동중 K6=라벨없음
  보드: #STAT total=249 dropped=71 label=라벨없음
