수집 240초 시작 — 보드 버튼으로 라벨을 찍으세요
  K1=빈방  K2=왼쪽  K3=가운데  K4=오른쪽  K5=이동중  K6=라벨없음

    5.0s       0 프레임    0.0 Hz  |  
   10.0s       0 프레임    0.0 Hz  |  
   15.0s      60 프레임    4.0 Hz  |  왼쪽:60
   20.1s     291 프레임   14.5 Hz  |  왼쪽:291
   25.1s     387 프레임   15.4 Hz  |  왼쪽:387
   30.1s     465 프레임   15.4 Hz  |  왼쪽:465
   35.1s     548 프레임   15.6 Hz  |  왼쪽:548
   40.1s     622 프레임   15.5 Hz  |  왼쪽:622
   45.2s     797 프레임   17.6 Hz  |  왼쪽:797
   50.2s    1076 프레임   21.4 Hz  |  왼쪽:1076
   55.4s    1264 프레임   22.8 Hz  |  왼쪽:1264
   60.4s    1357 프레임   22.5 Hz  |  왼쪽:1357
   65.4s    1430 프레임   21.9 Hz  |  왼쪽:1430
   70.4s    1508 프레임   21.4 Hz  |  왼쪽:1508
   75.4s    1575 프레임   20.9 Hz  |  왼쪽:1575
   80.4s    1662 프레임   20.7 Hz  |  왼쪽:1662
   85.4s    1738 프레임   20.3 Hz  |  왼쪽:1738
   90.4s    1817 프레임   20.1 Hz  |  왼쪽:1817
