합성 대상 2970개 (인텐트 27개 + OOD, 보이스 10개, 속도 [0.95, 1.05, 1.15])
    100/2970    32.7s 경과   3.1개/s  ETA 937.7s  (음성  140.9s, RTF 0.232)
    200/2970    67.7s 경과   3.0개/s  ETA 938.1s  (음성  279.9s, RTF 0.242)
    300/2970   103.1s 경과   2.9개/s  ETA 918.0s  (음성  422.2s, RTF 0.244)
    400/2970   138.7s 경과   2.9개/s  ETA 891.0s  (음성  559.9s, RTF 0.248)
    500/2970   174.2s 경과   2.9개/s  ETA 860.4s  (음성  702.4s, RTF 0.248)
    600/2970   210.3s 경과   2.9개/s  ETA 830.7s  (음성  846.9s, RTF 0.248)
    700/2970   246.4s 경과   2.8개/s  ETA 799.0s  (음성  990.4s, RTF 0.249)
    800/2970   281.7s 경과   2.8개/s  ETA 764.0s  (음성 1124.6s, RTF 0.250)
    900/2970   316.7s 경과   2.8개/s  ETA 728.3s  (음성 1262.2s, RTF 0.251)
   1000/2970   353.0s 경과   2.8개/s  ETA 695.4s  (음성 1399.2s, RTF 0.252)
   1100/2970   389.0s 경과   2.8개/s  ETA 661.3s  (음성 1536.5s, RTF 0.253)
   1200/2970   424.7s 경과   2.8개/s  ETA 626.4s  (음성 1673.0s, RTF 0.254)
   1300/2970   460.9s 경과   2.8개/s  ETA 592.0s  (음성 1813.9s, RTF 0.254)
   1400/2970   497.7s 경과   2.8개/s  ETA 558.1s  (음성 1958.1s, RTF 0.254)
   1500/2970   530.1s 경과   2.8개/s  ETA 519.5s  (음성 2096.6s, RTF 0.253)
   1600/2970   563.8s 경과   2.8개/s  ETA 482.8s  (음성 2240.5s, RTF 0.252)
   1700/2970   599.6s 경과   2.8개/s  ETA 447.9s  (음성 2391.2s, RTF 0.251)
   1800/2970   635.9s 경과   2.8개/s  ETA 413.3s  (음성 2555.4s, RTF 0.249)
   1900/2970   674.4s 경과   2.8개/s  ETA 379.8s  (음성 2742.6s, RTF 0.246)
   2000/2970   712.6s 경과   2.8개/s  ETA 345.6s  (음성 2931.3s, RTF 0.243)
   2100/2970   751.4s 경과   2.8개/s  ETA 311.3s  (음성 3126.8s, RTF 0.240)
   2200/2970   789.8s 경과   2.8개/s  ETA 276.4s  (음성 3292.1s, RTF 0.240)
   2300/2970   825.9s 경과   2.8개/s  ETA 240.6s  (음성 3457.5s, RTF 0.239)
   2400/2970   861.5s 경과   2.8개/s  ETA 204.6s  (음성 3603.5s, RTF 0.239)
   2500/2970   896.1s 경과   2.8개/s  ETA 168.5s  (음성 3736.4s, RTF 0.240)
   2600/2970   930.7s 경과   2.8개/s  ETA 132.4s  (음성 3875.7s, RTF 0.240)
   2700/2970   960.3s 경과   2.8개/s  ETA  96.0s  (음성 4017.7s, RTF 0.239)
   2800/2970  1025.1s 경과   2.7개/s  ETA  62.2s  (음성 4152.6s, RTF 0.247)
   2900/2970  1128.8s 경과   2.6개/s  ETA  27.2s  (음성 4357.2s, RTF 0.259)
   2970/2970  1203.8s 경과   2.5개/s  ETA   0.0s  (음성 4502.1s, RTF 0.267)

완료: 2970개 클립, 음성 75.0분, 소요 20.1분 (RTF 0.267)
→ model/data/utterances
