문장 93개 (학습 66 / 홀드아웃 27)
보류 보이스 ['F5', 'M5']
OOD 모드 exclude: 학습 문장 0개 (0클립) / 평가 전용 문장 30(baseline30) + 75(새 홀드아웃)
클래스 93개 (명령 93 + OOD 0)
학습 클립 1584, 테스트(학습된 문장) 396, 테스트(처음 보는 문장) 162, OOD 36(baseline)+150(새 문장)

인코더: 파라미터 69.4K (int8 약 68KB), 추론 1회 8.14M MAC
장치: cuda

/home/kim/esp32-audio/model/scripts/train.py:415: UserWarning: Converting a tensor with requires_grad=True to a scalar may lead to unexpected behavior.
Consider using tensor.detach() first. (Triggered internally at /pytorch/torch/csrc/autograd/generated/python_variable_methods.cpp:836.)
  tl += float(loss) * len(y); tn += len(y)
ep   1  loss 11.143  train-acc 0.000   1.5s
ep   2  loss 10.470  train-acc 0.000   1.4s
ep   3  loss 10.316  train-acc 0.000   1.3s
ep   4  loss 10.224  train-acc 0.000   1.3s
ep   5  loss 10.152  train-acc 0.000   1.3s
ep   6  loss 10.125  train-acc 0.000   1.3s
ep   7  loss 10.072  train-acc 0.000   1.4s
ep   8  loss 10.052  train-acc 0.000   1.5s
ep   9  loss  9.982  train-acc 0.000   1.5s
ep  10  loss  9.947  train-acc 0.000   1.6s  |  학습된문장 0.149  처음보는문장 0.272  *저장
ep  11  loss  9.906  train-acc 0.000   1.4s
ep  12  loss  9.900  train-acc 0.000   1.5s
ep  13  loss  9.833  train-acc 0.000   1.2s
ep  14  loss  9.804  train-acc 0.000   1.4s
ep  15  loss  9.725  train-acc 0.000   1.3s
ep  16  loss  9.487  train-acc 0.000   1.3s
ep  17  loss  9.438  train-acc 0.000   1.3s
ep  18  loss  9.229  train-acc 0.000   1.3s
ep  19  loss  9.149  train-acc 0.000   1.3s
ep  20  loss  9.058  train-acc 0.000   1.6s  |  학습된문장 0.447  처음보는문장 0.574  *저장
ep  21  loss  8.705  train-acc 0.000   1.2s
ep  22  loss  8.360  train-acc 0.003   1.0s
ep  23  loss  8.205  train-acc 0.013   1.1s
ep  24  loss  7.696  train-acc 0.025   1.0s
ep  25  loss  7.533  train-acc 0.026   1.0s
ep  26  loss  7.032  train-acc 0.048   1.1s
ep  27  loss  6.633  train-acc 0.062   1.0s
ep  28  loss  6.120  train-acc 0.083   1.0s
ep  29  loss  5.841  train-acc 0.107   1.0s
ep  30  loss  5.460  train-acc 0.115   0.9s  |  학습된문장 0.818  처음보는문장 0.858  *저장
ep  31  loss  5.063  train-acc 0.142   0.9s
ep  32  loss  4.887  train-acc 0.179   0.9s
ep  33  loss  4.702  train-acc 0.191   1.0s
ep  34  loss  4.413  train-acc 0.223   1.0s
ep  35  loss  4.023  train-acc 0.249   0.9s
ep  36  loss  3.826  train-acc 0.275   0.9s
ep  37  loss  3.721  train-acc 0.290   1.0s
ep  38  loss  3.522  train-acc 0.312   1.1s
ep  39  loss  3.245  train-acc 0.363   1.1s
ep  40  loss  3.088  train-acc 0.381   1.1s  |  학습된문장 0.881  처음보는문장 0.889  *저장
ep  41  loss  2.810  train-acc 0.406   1.0s
ep  42  loss  2.884  train-acc 0.403   1.0s
ep  43  loss  2.651  train-acc 0.442   1.0s
ep  44  loss  2.538  train-acc 0.460   0.9s
ep  45  loss  2.478  train-acc 0.463   0.9s
ep  46  loss  2.439  train-acc 0.469   0.9s
ep  47  loss  2.248  train-acc 0.508   0.9s
ep  48  loss  2.088  train-acc 0.542   0.9s
ep  49  loss  2.054  train-acc 0.527   0.9s
ep  50  loss  2.082  train-acc 0.543   0.9s  |  학습된문장 0.922  처음보는문장 0.901  *저장
ep  51  loss  1.853  train-acc 0.570   1.1s
ep  52  loss  1.792  train-acc 0.585   1.1s
ep  53  loss  1.697  train-acc 0.587   1.1s
ep  54  loss  1.735  train-acc 0.596   1.1s
ep  55  loss  1.727  train-acc 0.599   1.0s
ep  56  loss  1.585  train-acc 0.623   1.1s
ep  57  loss  1.454  train-acc 0.662   1.0s
ep  58  loss  1.504  train-acc 0.638   1.0s
ep  59  loss  1.378  train-acc 0.665   0.9s
ep  60  loss  1.462  train-acc 0.645   1.0s  |  학습된문장 0.942  처음보는문장 0.907  *저장
ep  61  loss  1.336  train-acc 0.677   0.9s
ep  62  loss  1.270  train-acc 0.696   0.9s
ep  63  loss  1.279  train-acc 0.692   0.9s
ep  64  loss  1.134  train-acc 0.710   1.0s
ep  65  loss  1.037  train-acc 0.742   0.9s
ep  66  loss  1.134  train-acc 0.720   1.0s
ep  67  loss  1.045  train-acc 0.741   1.1s
ep  68  loss  1.026  train-acc 0.749   1.0s
ep  69  loss  0.942  train-acc 0.750   1.0s
ep  70  loss  0.827  train-acc 0.781   1.0s  |  학습된문장 0.944  처음보는문장 0.926  *저장
ep  71  loss  0.951  train-acc 0.762   1.0s
ep  72  loss  0.850  train-acc 0.785   1.0s
ep  73  loss  0.804  train-acc 0.781   1.0s
ep  74  loss  0.781  train-acc 0.790   0.9s
ep  75  loss  0.793  train-acc 0.791   0.9s
ep  76  loss  0.729  train-acc 0.811   0.9s
ep  77  loss  0.727  train-acc 0.811   0.9s
ep  78  loss  0.665  train-acc 0.816   0.9s
ep  79  loss  0.751  train-acc 0.818   0.9s
ep  80  loss  0.622  train-acc 0.835   0.9s  |  학습된문장 0.939  처음보는문장 0.907
ep  81  loss  0.593  train-acc 0.855   1.1s
ep  82  loss  0.648  train-acc 0.833   1.1s
ep  83  loss  0.539  train-acc 0.850   1.0s
ep  84  loss  0.567  train-acc 0.857   1.0s
ep  85  loss  0.504  train-acc 0.874   1.1s
ep  86  loss  0.511  train-acc 0.861   1.0s
ep  87  loss  0.497  train-acc 0.868   1.1s
ep  88  loss  0.440  train-acc 0.883   1.1s
ep  89  loss  0.448  train-acc 0.885   0.9s
ep  90  loss  0.413  train-acc 0.891   0.9s  |  학습된문장 0.932  처음보는문장 0.901
ep  91  loss  0.403  train-acc 0.907   0.9s
ep  92  loss  0.383  train-acc 0.905   0.9s
ep  93  loss  0.376  train-acc 0.906   0.9s
ep  94  loss  0.421  train-acc 0.906   0.9s
ep  95  loss  0.368  train-acc 0.910   1.0s
ep  96  loss  0.353  train-acc 0.915   1.0s
ep  97  loss  0.341  train-acc 0.919   1.0s
ep  98  loss  0.306  train-acc 0.928   1.1s
ep  99  loss  0.308  train-acc 0.930   1.0s
ep 100  loss  0.286  train-acc 0.926   1.0s  |  학습된문장 0.934  처음보는문장 0.907
ep 101  loss  0.296  train-acc 0.929   1.0s
ep 102  loss  0.321  train-acc 0.927   1.1s
ep 103  loss  0.293  train-acc 0.936   1.1s
ep 104  loss  0.299  train-acc 0.936   1.0s
ep 105  loss  0.305  train-acc 0.941   0.9s
ep 106  loss  0.299  train-acc 0.936   0.9s
ep 107  loss  0.303  train-acc 0.929   0.9s
ep 108  loss  0.272  train-acc 0.936   0.9s
ep 109  loss  0.279  train-acc 0.939   0.9s
ep 110  loss  0.278  train-acc 0.939   0.9s  |  학습된문장 0.929  처음보는문장 0.914
ep 111  loss  0.278  train-acc 0.940   1.0s
ep 112  loss  0.289  train-acc 0.943   0.9s
ep 113  loss  0.259  train-acc 0.939   1.0s
ep 114  loss  0.283  train-acc 0.940   1.0s
ep 115  loss  0.283  train-acc 0.949   1.1s
ep 116  loss  0.257  train-acc 0.947   1.0s
ep 117  loss  0.273  train-acc 0.938   1.0s
ep 118  loss  0.286  train-acc 0.935   1.0s
ep 119  loss  0.292  train-acc 0.939   1.1s
ep 120  loss  0.260  train-acc 0.942   1.1s  |  학습된문장 0.927  처음보는문장 0.914

==================================================================
조건            OOD 모드 exclude (학습 OOD 문장 0개)
파라미터        69.4K   (int8 약 68KB)
추론 1회        8.14M MAC
학습된 문장     0.944   (보류 보이스에서)
처음 보는 문장  0.926   ← 재학습 없이 명령 추가가 되는지의 지표
거부 임계값     0.667  (명령 재현율 95% 지점)
OOD 오수락(기존 30문장)            44.4%  [n=36]
OOD 오수락(처음 듣는 문장)           49.3%  [n=150]
==================================================================
→ model/out/encoder_exclude.pt, model/out/report_exclude.json
