문장 93개 (학습 66 / 홀드아웃 27)
보류 보이스 ['F5', 'M5']
OOD 모드 single: 학습 문장 176개 (528클립) / 평가 전용 문장 30(baseline30) + 75(새 홀드아웃)
클래스 94개 (명령 93 + OOD 1)
학습 클립 2112, 테스트(학습된 문장) 396, 테스트(처음 보는 문장) 162, OOD 36(baseline)+150(새 문장)

인코더: 파라미터 69.4K (int8 약 68KB), 추론 1회 8.14M MAC
장치: cuda

/home/kim/esp32-audio/model/scripts/train.py:415: UserWarning: Converting a tensor with requires_grad=True to a scalar may lead to unexpected behavior.
Consider using tensor.detach() first. (Triggered internally at /pytorch/torch/csrc/autograd/generated/python_variable_methods.cpp:836.)
  tl += float(loss) * len(y); tn += len(y)
ep   1  loss 10.667  train-acc 0.000   1.6s
ep   2  loss  9.698  train-acc 0.008   1.3s
ep   3  loss  9.355  train-acc 0.066   1.3s
ep   4  loss  9.236  train-acc 0.117   1.4s
ep   5  loss  9.073  train-acc 0.125   1.3s
ep   6  loss  8.968  train-acc 0.128   1.3s
ep   7  loss  8.847  train-acc 0.147   1.2s
ep   8  loss  8.790  train-acc 0.139   1.3s
ep   9  loss  8.729  train-acc 0.139   1.3s
ep  10  loss  8.700  train-acc 0.150   1.3s  |  학습된문장 0.154  처음보는문장 0.253  *저장
ep  11  loss  8.657  train-acc 0.142   1.1s
ep  12  loss  8.690  train-acc 0.148   1.1s
ep  13  loss  8.552  train-acc 0.136   1.1s
ep  14  loss  8.455  train-acc 0.144   1.1s
ep  15  loss  8.411  train-acc 0.145   1.2s
ep  16  loss  8.289  train-acc 0.142   1.3s
ep  17  loss  8.191  train-acc 0.144   1.3s
ep  18  loss  8.192  train-acc 0.143   1.4s
ep  19  loss  8.084  train-acc 0.149   1.3s
ep  20  loss  7.993  train-acc 0.144   1.4s  |  학습된문장 0.374  처음보는문장 0.519  *저장
ep  21  loss  7.860  train-acc 0.144   1.3s
ep  22  loss  7.569  train-acc 0.147   1.3s
ep  23  loss  7.455  train-acc 0.149   1.2s
ep  24  loss  7.261  train-acc 0.150   1.1s
ep  25  loss  6.993  train-acc 0.148   1.0s
ep  26  loss  6.622  train-acc 0.162   1.0s
ep  27  loss  6.523  train-acc 0.160   1.1s
ep  28  loss  6.140  train-acc 0.170   1.0s
ep  29  loss  5.901  train-acc 0.185   1.1s
ep  30  loss  5.682  train-acc 0.183   1.1s  |  학습된문장 0.760  처음보는문장 0.802  *저장
ep  31  loss  5.400  train-acc 0.209   1.2s
ep  32  loss  5.042  train-acc 0.221   1.2s
ep  33  loss  4.660  train-acc 0.250   1.4s
ep  34  loss  4.657  train-acc 0.271   1.3s
ep  35  loss  4.505  train-acc 0.270   1.3s
ep  36  loss  4.070  train-acc 0.303   1.3s
ep  37  loss  3.966  train-acc 0.323   1.3s
ep  38  loss  3.785  train-acc 0.326   1.4s
ep  39  loss  3.572  train-acc 0.347   1.2s
ep  40  loss  3.394  train-acc 0.364   1.3s  |  학습된문장 0.889  처음보는문장 0.858  *저장
ep  41  loss  3.376  train-acc 0.382   1.0s
ep  42  loss  3.168  train-acc 0.403   1.1s
ep  43  loss  3.043  train-acc 0.405   1.1s
ep  44  loss  3.004  train-acc 0.430   1.1s
ep  45  loss  2.798  train-acc 0.451   1.1s
ep  46  loss  2.598  train-acc 0.473   1.1s
ep  47  loss  2.499  train-acc 0.495   1.2s
ep  48  loss  2.575  train-acc 0.472   1.3s
ep  49  loss  2.420  train-acc 0.504   1.2s
ep  50  loss  2.383  train-acc 0.505   1.2s  |  학습된문장 0.929  처음보는문장 0.907  *저장
ep  51  loss  2.271  train-acc 0.533   1.3s
ep  52  loss  2.196  train-acc 0.539   1.3s
ep  53  loss  2.078  train-acc 0.552   1.3s
ep  54  loss  2.095  train-acc 0.555   1.2s
ep  55  loss  1.899  train-acc 0.588   1.1s
ep  56  loss  1.755  train-acc 0.604   1.1s
ep  57  loss  1.867  train-acc 0.607   1.1s
ep  58  loss  1.856  train-acc 0.614   1.1s
ep  59  loss  1.824  train-acc 0.606   1.1s
ep  60  loss  1.664  train-acc 0.627   1.0s  |  학습된문장 0.939  처음보는문장 0.889
ep  61  loss  1.567  train-acc 0.640   1.2s
ep  62  loss  1.561  train-acc 0.662   1.2s
ep  63  loss  1.537  train-acc 0.638   1.2s
ep  64  loss  1.524  train-acc 0.662   1.5s
ep  65  loss  1.467  train-acc 0.668   1.4s
ep  66  loss  1.311  train-acc 0.687   1.3s
ep  67  loss  1.455  train-acc 0.674   1.3s
ep  68  loss  1.247  train-acc 0.703   1.2s
ep  69  loss  1.227  train-acc 0.708   1.0s
ep  70  loss  1.209  train-acc 0.715   1.1s  |  학습된문장 0.942  처음보는문장 0.920  *저장
ep  71  loss  1.122  train-acc 0.730   1.1s
ep  72  loss  1.100  train-acc 0.734   1.1s
ep  73  loss  1.082  train-acc 0.733   1.2s
ep  74  loss  0.999  train-acc 0.744   1.2s
ep  75  loss  0.985  train-acc 0.763   1.3s
ep  76  loss  0.916  train-acc 0.771   1.3s
ep  77  loss  0.966  train-acc 0.774   1.3s
ep  78  loss  0.945  train-acc 0.755   1.3s
ep  79  loss  0.982  train-acc 0.755   1.3s
ep  80  loss  0.851  train-acc 0.803   1.3s  |  학습된문장 0.947  처음보는문장 0.901
ep  81  loss  0.858  train-acc 0.787   1.1s
ep  82  loss  0.803  train-acc 0.800   1.1s
ep  83  loss  0.741  train-acc 0.799   1.1s
ep  84  loss  0.719  train-acc 0.813   1.1s
ep  85  loss  0.719  train-acc 0.813   1.1s
ep  86  loss  0.650  train-acc 0.824   1.1s
ep  87  loss  0.666  train-acc 0.827   1.1s
ep  88  loss  0.648  train-acc 0.825   1.1s
ep  89  loss  0.636  train-acc 0.829   1.1s
ep  90  loss  0.631  train-acc 0.842   1.2s  |  학습된문장 0.939  처음보는문장 0.901
ep  91  loss  0.573  train-acc 0.848   1.3s
ep  92  loss  0.591  train-acc 0.845   1.4s
ep  93  loss  0.533  train-acc 0.859   1.3s
ep  94  loss  0.518  train-acc 0.861   1.4s
ep  95  loss  0.508  train-acc 0.875   1.3s
ep  96  loss  0.449  train-acc 0.886   1.1s
ep  97  loss  0.513  train-acc 0.864   1.2s
ep  98  loss  0.475  train-acc 0.877   1.1s
ep  99  loss  0.462  train-acc 0.877   1.0s
ep 100  loss  0.498  train-acc 0.876   1.1s  |  학습된문장 0.934  처음보는문장 0.920
ep 101  loss  0.443  train-acc 0.887   1.1s
ep 102  loss  0.430  train-acc 0.882   1.1s
ep 103  loss  0.417  train-acc 0.893   1.0s
ep 104  loss  0.424  train-acc 0.892   1.1s
ep 105  loss  0.423  train-acc 0.894   1.1s
ep 106  loss  0.397  train-acc 0.898   1.1s
ep 107  loss  0.409  train-acc 0.893   1.1s
ep 108  loss  0.409  train-acc 0.892   1.1s
ep 109  loss  0.389  train-acc 0.905   1.3s
ep 110  loss  0.380  train-acc 0.908   1.3s  |  학습된문장 0.937  처음보는문장 0.914
ep 111  loss  0.387  train-acc 0.904   1.3s
ep 112  loss  0.385  train-acc 0.903   1.3s
ep 113  loss  0.388  train-acc 0.902   1.3s
ep 114  loss  0.364  train-acc 0.910   1.3s
ep 115  loss  0.373  train-acc 0.907   1.3s
ep 116  loss  0.374  train-acc 0.904   1.2s
ep 117  loss  0.344  train-acc 0.911   1.1s
ep 118  loss  0.364  train-acc 0.908   1.1s
ep 119  loss  0.389  train-acc 0.896   1.1s
ep 120  loss  0.360  train-acc 0.909   1.1s  |  학습된문장 0.937  처음보는문장 0.914

==================================================================
조건            OOD 모드 single (학습 OOD 문장 176개)
파라미터        69.4K   (int8 약 68KB)
추론 1회        8.14M MAC
학습된 문장     0.942   (보류 보이스에서)
처음 보는 문장  0.920   ← 재학습 없이 명령 추가가 되는지의 지표
거부 임계값     0.646  (명령 재현율 95% 지점)
OOD 오수락(기존 30문장)            52.8%  [n=36]   프로토타입 은행 병용   0.0%
OOD 오수락(처음 듣는 문장)           60.7%  [n=150]   프로토타입 은행 병용  12.0%
명령 재현율     임계값만 96.6% / 은행 병용 95.9%  ← 거부의 대가
==================================================================
→ model/out/encoder_single.pt, model/out/report_single.json
